[2025-10-18T08:26:12.923Z] {}
[2025-10-18T08:27:19.617Z] {"status":"1","trans_id":"TX123","user_id":"test_user_1","amount_usd":"0.50","type":"complete"}
[2025-10-18T08:33:34.166Z] {}
[2025-10-18T08:35:11.753Z] {"status":"1","trans_id":"TX123","user_id":"test_user_1","amount_usd":"0.50","type":"complete"}
[2025-10-18T11:02:30.943Z] {"status":"","trans_id":"","user_id":"","amount_usd":"0","type":"","raw":{},"receivedAt":"2025-10-18T11:02:30.941Z"}
[2025-10-18T11:03:06.978Z] {"status":"1","trans_id":"TX123","user_id":"test_user_1","amount_usd":"0.50","type":"complete","raw":{"status":"1","trans_id":"TX123","user_id":"test_user_1","amount_usd":"0.50","type":"complete"},"receivedAt":"2025-10-18T11:03:06.977Z"}
[2025-10-18T11:12:49.761Z] {"status":"1","trans_id":"TX1255","user_id":"test_user_1","amount_usd":"0.50","type":"complete","raw":{"status":"1","trans_id":"TX1255","user_id":"test_user_1","amount_usd":"0.50","type":"complete"},"receivedAt":"2025-10-18T11:12:49.759Z"}
[2025-10-18T11:31:16.757Z] {"status":"1","trans_id":"TX_POSTMAN_001","user_id":"test_user_1","amount_usd":"0.50","type":"complete","raw":{"status":"1","trans_id":"TX_POSTMAN_001","user_id":"test_user_1","amount_usd":"0.50","type":"complete"},"receivedAt":"2025-10-18T11:31:16.754Z"}
[2025-10-18T11:44:53.106Z] {"status":"1","trans_id":"TX_POSTMAN_001","user_id":"test_user_1","amount_usd":"0.50","type":"complete","raw":{"status":"1","trans_id":"TX_POSTMAN_001","user_id":"test_user_1","amount_usd":"0.50","type":"complete"},"receivedAt":"2025-10-18T11:40:35.069Z"}
[2025-10-18T11:44:53.117Z] {"status":"1","trans_id":"TX_POSTMAN_001","user_id":"test_user_1","amount_usd":"0.50","type":"complete","raw":{"status":"1","trans_id":"TX_POSTMAN_001","user_id":"test_user_1","amount_usd":"0.50","type":"complete"},"receivedAt":"2025-10-18T11:44:53.116Z"}
[2025-10-18T11:44:53.121Z] {"status":"1","trans_id":"TX_POSTMAN_002","user_id":"test_user_1","amount_usd":"0.50","type":"complete","raw":{"status":"1","trans_id":"TX_POSTMAN_002","user_id":"test_user_1","amount_usd":"0.50","type":"complete"},"receivedAt":"2025-10-18T11:44:53.119Z"}
[2025-10-18T11:44:53.124Z] {"status":"1","trans_id":"TX_POSTMAN_002","user_id":"test_user_1","amount_usd":"0.50","type":"complete","raw":{"status":"1","trans_id":"TX_POSTMAN_002","user_id":"test_user_1","amount_usd":"0.50","type":"complete"},"receivedAt":"2025-10-18T11:44:53.122Z"}
[2025-10-18T11:45:25.572Z] {"status":"1","trans_id":"TX_POSTMAN_002","user_id":"test_user_1","amount_usd":"0.50","type":"complete","raw":{"status":"1","trans_id":"TX_POSTMAN_002","user_id":"test_user_1","amount_usd":"0.50","type":"complete"},"receivedAt":"2025-10-18T11:45:25.571Z"}
[2025-10-18T11:46:14.574Z] {"status":"1","trans_id":"TX_POSTMAN_004","user_id":"test_user_1","amount_usd":"0.50","type":"complete","raw":{"status":"1","trans_id":"TX_POSTMAN_004","user_id":"test_user_1","amount_usd":"0.50","type":"complete"},"receivedAt":"2025-10-18T11:46:14.573Z"}
[2025-10-18T11:46:23.036Z] {"status":"1","trans_id":"TX_POSTMAN_004","user_id":"test_user_1","amount_usd":"0.50","type":"complete","raw":{"status":"1","trans_id":"TX_POSTMAN_004","user_id":"test_user_1","amount_usd":"0.50","type":"complete"},"receivedAt":"2025-10-18T11:46:23.035Z"}
[2025-10-18T11:46:51.732Z] {"status":"1","trans_id":"TX_POSTMAN_005","user_id":"test_user_1","amount_usd":"0.50","type":"complete","raw":{"status":"1","trans_id":"TX_POSTMAN_005","user_id":"test_user_1","amount_usd":"0.50","type":"complete"},"receivedAt":"2025-10-18T11:46:51.731Z"}
[2025-10-18T11:47:14.093Z] {"status":"1","trans_id":"TX_POSTMAN_006","user_id":"test_user_1","amount_usd":"0.50","type":"complete","raw":{"status":"1","trans_id":"TX_POSTMAN_006","user_id":"test_user_1","amount_usd":"0.50","type":"complete"},"receivedAt":"2025-10-18T11:47:14.092Z"}
[2025-10-18T11:55:33.434Z] {"status":"1","trans_id":"TX_POSTMAN_007","user_id":"test_user_1","amount_usd":"0.50","type":"complete","raw":{"status":"1","trans_id":"TX_POSTMAN_007","user_id":"test_user_1","amount_usd":"0.50","type":"complete"},"receivedAt":"2025-10-18T11:55:33.431Z"}
[2025-10-18T11:59:22.148Z] {"status":"1","trans_id":"TX_POSTMAN_007","user_id":"test_user_1","amount_usd":"0.50","type":"complete","raw":{"status":"1","trans_id":"TX_POSTMAN_007","user_id":"test_user_1","amount_usd":"0.50","type":"complete"},"receivedAt":"2025-10-18T11:59:22.147Z"}
[2025-10-18T12:13:26.906Z] {"status":"1","trans_id":"TX_FINAL_001","user_id":"test_user_1","amount_usd":"0.99","type":"complete","raw":{"status":"1","trans_id":"TX_FINAL_001","user_id":"test_user_1","amount_usd":"0.99","type":"complete"},"receivedAt":"2025-10-18T12:13:26.903Z"}
[2025-10-18T12:25:57.203Z] {"status":"1","trans_id":"TX_MOVE_TEST_1626974037","user_id":"test_user_1","amount_usd":"0.99","type":"complete","raw":{"status":"1","trans_id":"TX_MOVE_TEST_1626974037","user_id":"test_user_1","amount_usd":"0.99","type":"complete"},"receivedAt":"2025-10-18T12:25:57.200Z"}
[2025-10-18T12:32:11.282Z] {"status":"1","trans_id":"TX_MOVE_TEST_1626974037","user_id":"test_user_1","amount_usd":"0.99","type":"complete","raw":{"status":"1","trans_id":"TX_MOVE_TEST_1626974037","user_id":"test_user_1","amount_usd":"0.99","type":"complete"},"receivedAt":"2025-10-18T12:32:11.281Z"}
[2025-10-18T12:32:25.101Z] {"status":"1","trans_id":"TX_MOVE_TEST_1626974037","user_id":"test_user_1","amount_usd":"0.99","type":"complete","raw":{"status":"1","trans_id":"TX_MOVE_TEST_1626974037","user_id":"test_user_1","amount_usd":"0.99","type":"complete"},"receivedAt":"2025-10-18T12:32:25.100Z"}
[2025-10-18T12:32:30.796Z] {"status":"1","trans_id":"TX_MOVE_TEST_1626974037","user_id":"test_user_1","amount_usd":"0.99","type":"complete","raw":{"status":"1","trans_id":"TX_MOVE_TEST_1626974037","user_id":"test_user_1","amount_usd":"0.99","type":"complete"},"receivedAt":"2025-10-18T12:32:30.795Z"}
[2025-10-18T12:32:34.180Z] {"status":"1","trans_id":"TX_MOVE_TEST_1626974037","user_id":"test_user_1","amount_usd":"0.99","type":"complete","raw":{"status":"1","trans_id":"TX_MOVE_TEST_1626974037","user_id":"test_user_1","amount_usd":"0.99","type":"complete"},"receivedAt":"2025-10-18T12:32:34.179Z"}
[2025-10-18T12:34:27.755Z] {"status":"1","trans_id":"TX_BATCH_1","user_id":"test_user_1","amount_usd":"0.25","type":"complete","raw":{"status":"1","trans_id":"TX_BATCH_1","user_id":"test_user_1","amount_usd":"0.25","type":"complete"},"receivedAt":"2025-10-18T12:34:27.754Z"}
[2025-10-18T12:34:28.198Z] {"status":"1","trans_id":"TX_BATCH_2","user_id":"test_user_1","amount_usd":"0.25","type":"complete","raw":{"status":"1","trans_id":"TX_BATCH_2","user_id":"test_user_1","amount_usd":"0.25","type":"complete"},"receivedAt":"2025-10-18T12:34:28.197Z"}
[2025-10-18T12:34:28.630Z] {"status":"1","trans_id":"TX_BATCH_3","user_id":"test_user_1","amount_usd":"0.25","type":"complete","raw":{"status":"1","trans_id":"TX_BATCH_3","user_id":"test_user_1","amount_usd":"0.25","type":"complete"},"receivedAt":"2025-10-18T12:34:28.629Z"}
[2025-10-18T12:34:29.081Z] {"status":"1","trans_id":"TX_BATCH_4","user_id":"test_user_1","amount_usd":"0.25","type":"complete","raw":{"status":"1","trans_id":"TX_BATCH_4","user_id":"test_user_1","amount_usd":"0.25","type":"complete"},"receivedAt":"2025-10-18T12:34:29.081Z"}
[2025-10-18T12:34:29.633Z] {"status":"1","trans_id":"TX_BATCH_5","user_id":"test_user_1","amount_usd":"0.25","type":"complete","raw":{"status":"1","trans_id":"TX_BATCH_5","user_id":"test_user_1","amount_usd":"0.25","type":"complete"},"receivedAt":"2025-10-18T12:34:29.632Z"}
